schema
  @link(url: "https://specs.apollo.dev/link/v1.0")
{
  query: Query
}

extend schema
  @link(url: "https://specs.apollo.dev/federation/v2.0")

directive @link(url: String, as: String, for: link__Purpose, import: [link__Import]) repeatable on SCHEMA

directive @federation__key(fields: federation__FieldSet!, resolvable: Boolean = true) repeatable on OBJECT | INTERFACE

directive @federation__requires(fields: federation__FieldSet!) on FIELD_DEFINITION

directive @federation__provides(fields: federation__FieldSet!) on FIELD_DEFINITION

directive @federation__external(reason: String) on OBJECT | FIELD_DEFINITION

directive @federation__tag(name: String!) repeatable on FIELD_DEFINITION | OBJECT | INTERFACE | UNION | ARGUMENT_DEFINITION | SCALAR | ENUM | ENUM_VALUE | INPUT_OBJECT | INPUT_FIELD_DEFINITION

directive @federation__extends on OBJECT | INTERFACE

directive @federation__shareable on OBJECT | FIELD_DEFINITION

directive @federation__inaccessible on FIELD_DEFINITION | OBJECT | INTERFACE | UNION | ARGUMENT_DEFINITION | SCALAR | ENUM | ENUM_VALUE | INPUT_OBJECT | INPUT_FIELD_DEFINITION

directive @federation__override(from: String!) on FIELD_DEFINITION

type Product
  @federation__key(fields: "id")
  @federation__key(fields: "sku package")
  @federation__key(fields: "sku variation { id }")
{
  id: ID!
  sku: String
  package: String
  variation: ProductVariation
  dimensions: ProductDimension
  createdBy: User @federation__provides(fields: "totalProductsCreated")
}

type ProductDimension {
  size: String
  weight: Float
}

type ProductVariation {
  id: ID!
}

type Query {
  _entities(representations: [_Any!]!): [_Entity]!
  _service: _Service!
}

extend type Query {
  product(id: ID!): Product
}

extend type User
  @federation__key(fields: "email")
{
  email: ID! @federation__external
  totalProductsCreated: Int @federation__external
}

enum link__Purpose {
  """
  `SECURITY` features provide metadata necessary to securely resolve fields.
  """
  SECURITY

  """
  `EXECUTION` features provide metadata necessary for operation execution.
  """
  EXECUTION
}

scalar link__Import

scalar federation__FieldSet

scalar _Any

type _Service {
  sdl: String
}

union _Entity = Product | User"
